2026-07-27T18:12:52.520Z - Uncaught Exception: Error: Cannot find module 'bcryptjs'
Require stack:
- /home/ilham/DATA/PROJECT-JOKI/ABDUL-POLTEK/MONITORING-LISTRIK/backend/server.js
    at Module._resolveFilename (node:internal/modules/cjs/loader:1383:15)
    at defaultResolveImpl (node:internal/modules/cjs/loader:1025:19)
    at resolveForCJSWithHooks (node:internal/modules/cjs/loader:1030:22)
    at Module._load (node:internal/modules/cjs/loader:1192:37)
    at TracingChannel.traceSync (node:diagnostics_channel:328:14)
    at wrapModuleLoad (node:internal/modules/cjs/loader:237:24)
    at Module.require (node:internal/modules/cjs/loader:1463:12)
    at require (node:internal/modules/helpers:147:16)
    at Object.<anonymous> (/home/ilham/DATA/PROJECT-JOKI/ABDUL-POLTEK/MONITORING-LISTRIK/backend/server.js:26:16)
    at Module._compile (node:internal/modules/cjs/loader:1705:14)
2026-07-27T18:12:54.875Z - Uncaught Exception: Error: Cannot find module 'bcryptjs'
Require stack:
- /home/ilham/DATA/PROJECT-JOKI/ABDUL-POLTEK/MONITORING-LISTRIK/backend/server.js
    at Module._resolveFilename (node:internal/modules/cjs/loader:1383:15)
    at defaultResolveImpl (node:internal/modules/cjs/loader:1025:19)
    at resolveForCJSWithHooks (node:internal/modules/cjs/loader:1030:22)
    at Module._load (node:internal/modules/cjs/loader:1192:37)
    at TracingChannel.traceSync (node:diagnostics_channel:328:14)
    at wrapModuleLoad (node:internal/modules/cjs/loader:237:24)
    at Module.require (node:internal/modules/cjs/loader:1463:12)
    at require (node:internal/modules/helpers:147:16)
    at Object.<anonymous> (/home/ilham/DATA/PROJECT-JOKI/ABDUL-POLTEK/MONITORING-LISTRIK/backend/server.js:26:16)
    at Module._compile (node:internal/modules/cjs/loader:1705:14)
2026-07-27T18:15:26.475Z - Uncaught Exception: Error: Cannot find module 'bcryptjs'
Require stack:
- /home/ilham/DATA/PROJECT-JOKI/ABDUL-POLTEK/MONITORING-LISTRIK/backend/server.js
    at Module._resolveFilename (node:internal/modules/cjs/loader:1383:15)
    at defaultResolveImpl (node:internal/modules/cjs/loader:1025:19)
    at resolveForCJSWithHooks (node:internal/modules/cjs/loader:1030:22)
    at Module._load (node:internal/modules/cjs/loader:1192:37)
    at TracingChannel.traceSync (node:diagnostics_channel:328:14)
    at wrapModuleLoad (node:internal/modules/cjs/loader:237:24)
    at Module.require (node:internal/modules/cjs/loader:1463:12)
    at require (node:internal/modules/helpers:147:16)
    at Object.<anonymous> (/home/ilham/DATA/PROJECT-JOKI/ABDUL-POLTEK/MONITORING-LISTRIK/backend/server.js:26:16)
    at Module._compile (node:internal/modules/cjs/loader:1705:14)
